{
  "$schema": "http://json-schema.org/draft-07/schema",
  "$id": "http://example.com/example.json",
  "type": "array",
  "title": "The root schema",
  "description": "The root schema comprises the entire JSON document.",
  "default": [],
  "examples": [
    [
      {
        "content": "stdErr",
        "logStreamType": "STDERR",
        "workerId": "id"
      }
    ]
  ],
  "additionalItems": true,
  "items": {
    "$id": "#/items",
    "anyOf": [
      {
        "$id": "#/items/anyOf/0",
        "type": "object",
        "title": "The first anyOf schema",
        "description": "An explanation about the purpose of this instance.",
        "default": {},
        "examples": [
          {
            "content": "stdErr",
            "logStreamType": "STDERR",
            "workerId": "id"
          }
        ],
        "required": [
          "content",
          "logStreamType",
          "workerId"
        ],
        "properties": {
          "content": {
            "$id": "#/items/anyOf/0/properties/content",
            "type": "string",
            "title": "The content schema",
            "description": "An explanation about the purpose of this instance.",
            "default": "",
            "examples": [
              "stdErr"
            ]
          },
          "logStreamType": {
            "$id": "#/items/anyOf/0/properties/logStreamType",
            "type": "string",
            "title": "The logStreamType schema",
            "description": "An explanation about the purpose of this instance.",
            "default": "",
            "examples": [
              "STDERR"
            ]
          },
          "workerId": {
            "$id": "#/items/anyOf/0/properties/workerId",
            "type": "string",
            "title": "The workerId schema",
            "description": "An explanation about the purpose of this instance.",
            "default": "",
            "examples": [
              "id"
            ]
          }
        },
        "additionalProperties": false
      }
    ]
  }
}