{
  "$schema": "http://json-schema.org/draft-07/schema",
  "$id": "http://example.com/example.json",
  "type": "object",
  "title": "The root schema",
  "description": "The root schema comprises the entire JSON document.",
  "default": {},
  "examples": [
    {
      "hasFinishedProducingLog": true,
      "log": "hello stdout",
      "workerId": "id"
    }
  ],
  "required": [
    "hasFinishedProducingLog",
    "log",
    "workerId"
  ],
  "properties": {
    "hasFinishedProducingLog": {
      "$id": "#/properties/hasFinishedProducingLog",
      "type": "boolean",
      "title": "The hasFinishedProducingLog schema",
      "description": "An explanation about the purpose of this instance.",
      "default": false,
      "examples": [
        true
      ]
    },
    "log": {
      "$id": "#/properties/log",
      "type": "string",
      "title": "The log schema",
      "description": "An explanation about the purpose of this instance.",
      "default": "",
      "examples": [
        "hello stdout"
      ]
    },
    "workerId": {
      "$id": "#/properties/workerId",
      "type": "string",
      "title": "The workerId schema",
      "description": "An explanation about the purpose of this instance.",
      "default": "",
      "examples": [
        "id"
      ]
    }
  },
  "additionalProperties": true
}